INFO: running on testdata/recurse_cust_nothing with cust1 configuration
ERROR: main.tf misformed:
  Unmatching "^[a-z0-9_]*$" pattern blockname(s):
    - foo-bar (resource)
  Undescribed variables(s) and/or output(s):
    - var1 (variable)

INFO: running on testdata/recurse_cust_nothing/mod1 with cust1 configuration
ERROR: providers.tf misformed:
  Unmatching "^[a-z0-9_]*$" pattern blockname(s):
    - foo-bar (resource)
  Undescribed variables(s) and/or output(s):
    - var1 (variable)

